Solid Edge Translation to STL
Date: Tuesday,November 04,2025 10:57AM
Source File:C:\Users\niels\OneDrive\Documenten\School\Spraaktrainer\Models\VoiceTrainerModel-V1.1\Button backplate.par
Source System: SOLID EDGE

Hardware:
Processor: Intel(R) Core(TM) i7-9750H CPU @ 2.60GHz
Operating System: Windows 10
Installed Memory: 15.85 GB

Software Information:
Parasolid Version: 36.0.142
PSBodyshop Version: 36.0.108
STL Adapter Version: 13.0.193
Solid Edge Version: 224.00.00.101 x64

STL Export Options:
Output File Format:BINARY
Export Displayed Parts:Off
structureOption: Monolithic
Export Units:Millimeter
Export Tolerance Value:0.001000
Export Tolerance Type:Custom
Export Surface Plane Angle Value:0.017453

Translation progress:
Translation process completed
Time required to translate:00 : 00 : 01
