Solid Edge Translation To 3MF
Date: Thursday,January 01,2026 03:15PM
Output File: C:\Users\niels\OneDrive\Documenten\School\Spraaktrainer\Models\VoiceTrainerModel-V1.1\m3 ring breed 1mm.3mf
Author: Unknown
Organization: Unknown
Source System: SOLID EDGE

Hardware:
Processor: Intel(R) Core(TM) i7-9750H CPU @ 2.60GHz
Operating System: Windows 10
Installed Memory: 15.85 GB

Software Information:
Parasolid Version: 36.0.142
PSBodyshop Version: 36.0.108
3MF Adapter Version: 13.0.193
Solid Edge Version: 224.00.00.101 x64

3MF Export Options
Export Construction Solids:Off
Export Displayed Parts:Off
Enable Logging:On
AllowInvalid3mfObjects:Off
Export Flatten Assembly:On
Export Units:Millimeters
Export Tolerance Value:0.001000
Export Tolerance Type:Custom
Export Surface Plane Angle Value:0.017453
Export Author:Unknown
Export Description:Unknown
Export Organization:Unknown
Export Program Name:Unknown

Translation progress:
Phase 1 of 1 Translating Parasolid to foreign data types...
Translation process completed
Time required to translate:00 : 00 : 00
